Warning: You are sending unauthenticated requests to the HF Hub. Please set a HF_TOKEN to enable higher rate limits and faster downloads.
tokenizing (once, not per epoch) ...
  tokenized 2000/10000 (2071/s)
  tokenized 4000/10000 (2003/s)
  tokenized 6000/10000 (2005/s)
  tokenized 8000/10000 (2074/s)
  tokenized 10000/10000 (1926/s)
train 10000 windows | val 1000 windows
Loading weights:   0%|          | 0/136 [00:00<?, ?it/s]Loading weights: 100%|██████████| 136/136 [00:00<00:00, 4071.97it/s]
[transformers] [1mModernBertForTokenClassification LOAD REPORT[0m from: answerdotai/ModernBERT-base
Key               | Status     | 
------------------+------------+-
decoder.bias      | UNEXPECTED | 
classifier.weight | MISSING    | 
classifier.bias   | MISSING    | 

Notes:
- UNEXPECTED:	can be ignored when loading from different task/architecture; not ok if you expect identical arch.
- MISSING:	those params were newly initialized because missing from the checkpoint. Consider training on your downstream task.
device mps | params 149.6M
/Users/saukumar/.local/share/uv/python/cpython-3.12.14-macos-aarch64-none/lib/python3.12/multiprocessing/resource_tracker.py:279: UserWarning: resource_tracker: There appear to be 1 leaked semaphore objects to clean up at shutdown
  warnings.warn('resource_tracker: There appear to be %d '

